// Jest Snapshot v1, https://goo.gl/fbAQLP

exports[`LanguageToolClient: should be equal to function 1`] = `[Function]`;

exports[`LanguageToolClient: should have required functionality 1`] = `
LanguageToolClient {
  "client": [Function],
  "endpoint": "https://example.com",
  "languages": [Function],
  "log": [Function],
  "raw": [Function],
  "request": [Function],
}
`;
